============================================
System Resource Report - 2025-10-17 20:43:01
============================================
Uptime: up 23 minutes
Memory Usage: Total: 3.3Gi, Used: 1.3Gi, Free: 697Mi
Disk Usage: Root (/): 55% used (10G/20G)
--------------------------------------------

============================================
System Resource Report - 2025-10-17 20:43:08
============================================
Uptime: up 23 minutes
Memory Usage: Total: 3.3Gi, Used: 1.3Gi, Free: 699Mi
Disk Usage: Root (/): 55% used (10G/20G)
--------------------------------------------

============================================
System Resource Report - 2025-10-17 20:44:02
============================================
Uptime: up 24 minutes
Memory Usage: Total: 3.3Gi, Used: 1.4Gi, Free: 680Mi
Disk Usage: Root (/): 55% used (10G/20G)
--------------------------------------------

============================================
System Resource Report - 2025-10-17 20:45:01
============================================
Uptime: up 25 minutes
Memory Usage: Total: 3.3Gi, Used: 1.4Gi, Free: 675Mi
Disk Usage: Root (/): 55% used (10G/20G)
--------------------------------------------

============================================
System Resource Report - 2025-10-17 20:46:01
============================================
Uptime: up 26 minutes
Memory Usage: Total: 3.3Gi, Used: 1.4Gi, Free: 675Mi
Disk Usage: Root (/): 55% used (10G/20G)
--------------------------------------------

============================================
System Resource Report - 2025-10-17 20:47:02
============================================
Uptime: up 27 minutes
Memory Usage: Total: 3.3Gi, Used: 1.4Gi, Free: 661Mi
Disk Usage: Root (/): 55% used (10G/20G)
--------------------------------------------

============================================
System Resource Report - 2025-10-17 20:48:01
============================================
Uptime: up 28 minutes
Memory Usage: Total: 3.3Gi, Used: 1.2Gi, Free: 808Mi
Disk Usage: Root (/): 55% used (10G/20G)
--------------------------------------------

============================================
System Resource Report - 2025-10-17 20:49:01
============================================
Uptime: up 29 minutes
Memory Usage: Total: 3.3Gi, Used: 1.3Gi, Free: 704Mi
Disk Usage: Root (/): 55% used (10G/20G)
--------------------------------------------

============================================
System Resource Report - 2025-10-17 20:50:01
============================================
Uptime: up 30 minutes
Memory Usage: Total: 3.3Gi, Used: 1.2Gi, Free: 789Mi
Disk Usage: Root (/): 55% used (10G/20G)
--------------------------------------------

============================================
System Resource Report - 2025-10-17 20:51:01
============================================
Uptime: up 31 minutes
Memory Usage: Total: 3.3Gi, Used: 1.2Gi, Free: 797Mi
Disk Usage: Root (/): 55% used (10G/20G)
--------------------------------------------

============================================
System Resource Report - 2025-10-17 20:52:02
============================================
Uptime: up 32 minutes
Memory Usage: Total: 3.3Gi, Used: 1.2Gi, Free: 800Mi
Disk Usage: Root (/): 55% used (10G/20G)
--------------------------------------------

============================================
System Resource Report - 2025-10-17 20:53:01
============================================
Uptime: up 33 minutes
Memory Usage: Total: 3.3Gi, Used: 1.2Gi, Free: 799Mi
Disk Usage: Root (/): 55% used (10G/20G)
--------------------------------------------

============================================
System Resource Report - 2025-10-17 20:54:01
============================================
Uptime: up 34 minutes
Memory Usage: Total: 3.3Gi, Used: 1.2Gi, Free: 799Mi
Disk Usage: Root (/): 55% used (10G/20G)
--------------------------------------------

============================================
System Resource Report - 2025-10-17 20:55:01
============================================
Uptime: up 35 minutes
Memory Usage: Total: 3.3Gi, Used: 1.2Gi, Free: 799Mi
Disk Usage: Root (/): 55% used (10G/20G)
--------------------------------------------

============================================
System Resource Report - 2025-10-17 20:56:01
============================================
Uptime: up 36 minutes
Memory Usage: Total: 3.3Gi, Used: 1.2Gi, Free: 796Mi
Disk Usage: Root (/): 55% used (10G/20G)
--------------------------------------------

============================================
System Resource Report - 2025-10-17 20:57:01
============================================
Uptime: up 37 minutes
Memory Usage: Total: 3.3Gi, Used: 1.2Gi, Free: 793Mi
Disk Usage: Root (/): 55% used (10G/20G)
--------------------------------------------

============================================
System Resource Report - 2025-10-17 20:58:01
============================================
Uptime: up 38 minutes
Memory Usage: Total: 3.3Gi, Used: 1.2Gi, Free: 794Mi
Disk Usage: Root (/): 55% used (10G/20G)
--------------------------------------------

============================================
System Resource Report - 2025-10-17 20:59:01
============================================
Uptime: up 39 minutes
Memory Usage: Total: 3.3Gi, Used: 1.2Gi, Free: 794Mi
Disk Usage: Root (/): 55% used (10G/20G)
--------------------------------------------

============================================
System Resource Report - 2025-10-17 21:00:01
============================================
Uptime: up 40 minutes
Memory Usage: Total: 3.3Gi, Used: 1.2Gi, Free: 793Mi
Disk Usage: Root (/): 55% used (10G/20G)
--------------------------------------------

============================================
System Resource Report - 2025-10-17 21:01:01
============================================
Uptime: up 41 minutes
Memory Usage: Total: 3.3Gi, Used: 1.3Gi, Free: 776Mi
Disk Usage: Root (/): 55% used (10G/20G)
--------------------------------------------

============================================
System Resource Report - 2025-10-17 21:02:01
============================================
Uptime: up 42 minutes
Memory Usage: Total: 3.3Gi, Used: 1.2Gi, Free: 780Mi
Disk Usage: Root (/): 55% used (10G/20G)
--------------------------------------------

============================================
System Resource Report - 2025-10-17 21:03:02
============================================
Uptime: up 43 minutes
Memory Usage: Total: 3.3Gi, Used: 1.2Gi, Free: 780Mi
Disk Usage: Root (/): 55% used (10G/20G)
--------------------------------------------

============================================
System Resource Report - 2025-10-17 21:04:01
============================================
Uptime: up 44 minutes
Memory Usage: Total: 3.3Gi, Used: 1.2Gi, Free: 780Mi
Disk Usage: Root (/): 55% used (10G/20G)
--------------------------------------------

============================================
System Resource Report - 2025-10-17 21:05:01
============================================
Uptime: up 45 minutes
Memory Usage: Total: 3.3Gi, Used: 1.3Gi, Free: 778Mi
Disk Usage: Root (/): 55% used (10G/20G)
--------------------------------------------

============================================
System Resource Report - 2025-10-17 21:06:01
============================================
Uptime: up 46 minutes
Memory Usage: Total: 3.3Gi, Used: 1.3Gi, Free: 767Mi
Disk Usage: Root (/): 55% used (10G/20G)
--------------------------------------------

============================================
System Resource Report - 2025-10-17 21:07:01
============================================
Uptime: up 47 minutes
Memory Usage: Total: 3.3Gi, Used: 1.3Gi, Free: 770Mi
Disk Usage: Root (/): 55% used (10G/20G)
--------------------------------------------

============================================
System Resource Report - 2025-10-17 21:08:01
============================================
Uptime: up 48 minutes
Memory Usage: Total: 3.3Gi, Used: 1.4Gi, Free: 460Mi
Disk Usage: Root (/): 55% used (11G/20G)
--------------------------------------------

============================================
System Resource Report - 2025-10-17 21:09:01
============================================
Uptime: up 49 minutes
Memory Usage: Total: 3.3Gi, Used: 1.3Gi, Free: 570Mi
Disk Usage: Root (/): 55% used (11G/20G)
--------------------------------------------

============================================
System Resource Report - 2025-10-17 21:10:01
============================================
Uptime: up 50 minutes
Memory Usage: Total: 3.3Gi, Used: 1.3Gi, Free: 597Mi
Disk Usage: Root (/): 55% used (11G/20G)
--------------------------------------------

============================================
System Resource Report - 2025-10-17 21:11:01
============================================
Uptime: up 51 minutes
Memory Usage: Total: 3.3Gi, Used: 1.3Gi, Free: 574Mi
Disk Usage: Root (/): 55% used (11G/20G)
--------------------------------------------

============================================
System Resource Report - 2025-10-17 21:12:01
============================================
Uptime: up 52 minutes
Memory Usage: Total: 3.3Gi, Used: 1.3Gi, Free: 574Mi
Disk Usage: Root (/): 55% used (11G/20G)
--------------------------------------------

============================================
System Resource Report - 2025-10-17 21:13:01
============================================
Uptime: up 53 minutes
Memory Usage: Total: 3.3Gi, Used: 1.3Gi, Free: 574Mi
Disk Usage: Root (/): 55% used (11G/20G)
--------------------------------------------

============================================
System Resource Report - 2025-10-17 21:14:02
============================================
Uptime: up 54 minutes
Memory Usage: Total: 3.3Gi, Used: 1.3Gi, Free: 589Mi
Disk Usage: Root (/): 55% used (11G/20G)
--------------------------------------------

============================================
System Resource Report - 2025-10-17 21:15:01
============================================
Uptime: up 55 minutes
Memory Usage: Total: 3.3Gi, Used: 1.3Gi, Free: 577Mi
Disk Usage: Root (/): 55% used (11G/20G)
--------------------------------------------

============================================
System Resource Report - 2025-10-17 21:16:01
============================================
Uptime: up 56 minutes
Memory Usage: Total: 3.3Gi, Used: 1.3Gi, Free: 599Mi
Disk Usage: Root (/): 55% used (11G/20G)
--------------------------------------------

============================================
System Resource Report - 2025-10-17 21:17:01
============================================
Uptime: up 57 minutes
Memory Usage: Total: 3.3Gi, Used: 1.3Gi, Free: 609Mi
Disk Usage: Root (/): 55% used (11G/20G)
--------------------------------------------

============================================
System Resource Report - 2025-10-17 21:18:02
============================================
Uptime: up 58 minutes
Memory Usage: Total: 3.3Gi, Used: 1.3Gi, Free: 599Mi
Disk Usage: Root (/): 55% used (11G/20G)
--------------------------------------------

============================================
System Resource Report - 2025-10-17 21:19:01
============================================
Uptime: up 59 minutes
Memory Usage: Total: 3.3Gi, Used: 1.3Gi, Free: 607Mi
Disk Usage: Root (/): 55% used (11G/20G)
--------------------------------------------

============================================
System Resource Report - 2025-10-17 21:20:01
============================================
Uptime: up 1 hour, 0 minutes
Memory Usage: Total: 3.3Gi, Used: 1.3Gi, Free: 605Mi
Disk Usage: Root (/): 55% used (11G/20G)
--------------------------------------------

============================================
System Resource Report - 2025-10-17 21:21:01
============================================
Uptime: up 1 hour, 1 minute
Memory Usage: Total: 3.3Gi, Used: 1.3Gi, Free: 605Mi
Disk Usage: Root (/): 55% used (11G/20G)
--------------------------------------------

============================================
System Resource Report - 2025-10-17 21:22:02
============================================
Uptime: up 1 hour, 2 minutes
Memory Usage: Total: 3.3Gi, Used: 1.3Gi, Free: 605Mi
Disk Usage: Root (/): 55% used (11G/20G)
--------------------------------------------

============================================
System Resource Report - 2025-10-17 21:23:01
============================================
Uptime: up 1 hour, 3 minutes
Memory Usage: Total: 3.3Gi, Used: 1.3Gi, Free: 606Mi
Disk Usage: Root (/): 55% used (11G/20G)
--------------------------------------------

============================================
System Resource Report - 2025-10-17 21:24:01
============================================
Uptime: up 1 hour, 4 minutes
Memory Usage: Total: 3.3Gi, Used: 1.3Gi, Free: 595Mi
Disk Usage: Root (/): 55% used (11G/20G)
--------------------------------------------

